// Vitest Snapshot v1, https://vitest.dev/guide/snapshot.html

exports[`SidebarFooter > matches the snapshot 1`] = `
<div
  class="sidenav-footer mx-3"
>
  <div
    class="card card-background shadow-none card-background-mask-secondary"
    id="sidenavCard"
  >
    <div
      class="full-background"
      style="background-image:url('/images/white-curved.jpeg');"
    />
    <div
      class="card-body text-start p-3 w-100"
    >
      <div
        class="docs-info"
      >
        <h6
          class="text-white up mb-0"
        >
          Need help?
        </h6>
        <p
          class="text-xs font-weight-bold"
        >
          CoinCap API 2.0
        </p>
        <a
          class="btn btn-white btn-sm w-100 mb-0"
          href="https://komgrip.co.th/coincap/"
          target="_blank"
        >
          Documentation
        </a>
      </div>
    </div>
  </div>
</div>
`;
