// Vitest Snapshot v1, https://vitest.dev/guide/snapshot.html

exports[`AppLayout > renders successfully and matches the snapshot 1`] = `
<div
  data-v-app=""
>
  
  <layout-sidebar-stub />
  <main
    class="main-content position-relative max-height-vh-100 h-100 mt-1 border-radius-lg"
  >
    <nav-bar-stub />
    <layout-body-stub />
  </main>
  
</div>
`;
