// Vitest Snapshot v1, https://vitest.dev/guide/snapshot.html

exports[`LayoutFooter > renders successfully and matches the snapshot 1`] = `
<footer
  class="footer pt-3"
>
  <div
    class="container-fluid"
  >
    <div
      class="row align-items-center justify-content-lg-between"
    >
      <div
        class="col-lg-12 mb-lg-0 mb-4"
      >
        <div
          class="copyright text-center text-sm text-muted text-lg-start"
        >
           Copyright Â© 2022 Komgrip Technologies Co., Ltd. 
        </div>
      </div>
    </div>
  </div>
</footer>
`;
