// Vitest Snapshot v1, https://vitest.dev/guide/snapshot.html

exports[`StatCard > renders successfully and matches the snapshot 1`] = `
<div
  class="card"
>
  <div
    class="card-body p-3"
  >
    <div
      class="row"
    >
      <div
        class="col-8"
      >
        <div
          class="numbers"
        >
          <p
            class="text-sm mb-0 text-capitalize font-weight-bold"
          >
            Bitcoin
          </p>
          <h5
            class="font-weight-bolder mb-0"
          >
            $123,456.79
          </h5>
          <span
            class="text-sm font-weight-bolder text-success"
          >
            1.23%
          </span>
        </div>
      </div>
      <div
        class="col-4 text-end"
      >
        <div
          class="icon icon-shape bg-gradient-primary shadow text-center border-radius-md"
        >
          <i
            aria-hidden="true"
            class="ni ni-money-coins text-lg opacity-10"
          />
        </div>
      </div>
    </div>
  </div>
</div>
`;
